// Jest Snapshot v1, https://goo.gl/fbAQLP

exports[`Pruebas en el entry componente debe de hacer match con el snapshot 1`] = `
<div class="entry-container mb-3 pointer p-2">
  <div class="entry-title d-flex"><span class="text-success fs-5 fw-bold">30</span><span class="mx-1 fs-5">Diciembre</span><span class="mx2 fw-light">2021, Jueves</span></div>
  <div class="entry-description">Prueba de entrada con imagen</div>
</div>
`;
